2026-10-08 22:44:35 | root                           | INFO   | Logging configured: file=/content/dhuc/results/full/k3_doppler_limited/unified_benchmark/logs/ultra_can_isac.log level=INFO
2026-10-08 22:44:35 | __main__                       | INFO   | experiment_name = ultra_can_isac
2026-10-08 22:44:35 | __main__                       | INFO   | seed = 42
2026-10-08 22:44:35 | __main__                       | INFO   | lambda_mse = 2
2026-10-08 22:44:35 | __main__                       | INFO   | sequence_length = 100
2026-10-08 22:44:35 | __main__                       | INFO   | map_type = logistic / map_param = 3.9
2026-10-08 22:44:35 | __main__                       | INFO   | backbone_type = conv1d
2026-10-08 22:44:35 | __main__                       | INFO   | epochs = 30
2026-10-08 22:44:57 | src.models.dcsk_correlator     | INFO   | evaluate_classical: detector=dcsk, n_bits=20000, n_errors=10122, BER=0.506100
2026-10-08 22:44:57 | src.models.dcsk_correlator     | INFO   | evaluate_classical: detector=matched_filter, n_bits=20000, n_errors=9362, BER=0.468100
2026-10-08 22:44:57 | src.models.dcsk_correlator     | INFO   | evaluate_classical: detector=energy_detector, n_bits=20000, n_errors=10031, BER=0.501550
2026-10-08 22:45:11 | src.models.dcsk_correlator     | INFO   | evaluate_classical: detector=dcsk, n_bits=20000, n_errors=10208, BER=0.510400
2026-10-08 22:45:11 | src.models.dcsk_correlator     | INFO   | evaluate_classical: detector=matched_filter, n_bits=20000, n_errors=9358, BER=0.467900
2026-10-08 22:45:11 | src.models.dcsk_correlator     | INFO   | evaluate_classical: detector=energy_detector, n_bits=20000, n_errors=10024, BER=0.501200
2026-10-08 22:45:25 | src.models.dcsk_correlator     | INFO   | evaluate_classical: detector=dcsk, n_bits=20000, n_errors=10169, BER=0.508450
2026-10-08 22:45:25 | src.models.dcsk_correlator     | INFO   | evaluate_classical: detector=matched_filter, n_bits=20000, n_errors=9199, BER=0.459950
2026-10-08 22:45:25 | src.models.dcsk_correlator     | INFO   | evaluate_classical: detector=energy_detector, n_bits=20000, n_errors=9955, BER=0.497750
2026-10-08 22:45:40 | src.models.dcsk_correlator     | INFO   | evaluate_classical: detector=dcsk, n_bits=20000, n_errors=10385, BER=0.519250
2026-10-08 22:45:40 | src.models.dcsk_correlator     | INFO   | evaluate_classical: detector=matched_filter, n_bits=20000, n_errors=9111, BER=0.455550
2026-10-08 22:45:40 | src.models.dcsk_correlator     | INFO   | evaluate_classical: detector=energy_detector, n_bits=20000, n_errors=9880, BER=0.494000
2026-10-08 22:45:55 | src.models.dcsk_correlator     | INFO   | evaluate_classical: detector=dcsk, n_bits=20000, n_errors=10294, BER=0.514700
2026-10-08 22:45:55 | src.models.dcsk_correlator     | INFO   | evaluate_classical: detector=matched_filter, n_bits=20000, n_errors=9072, BER=0.453600
2026-10-08 22:45:55 | src.models.dcsk_correlator     | INFO   | evaluate_classical: detector=energy_detector, n_bits=20000, n_errors=10046, BER=0.502300
2026-10-08 22:46:10 | src.models.dcsk_correlator     | INFO   | evaluate_classical: detector=dcsk, n_bits=20000, n_errors=10216, BER=0.510800
2026-10-08 22:46:10 | src.models.dcsk_correlator     | INFO   | evaluate_classical: detector=matched_filter, n_bits=20000, n_errors=9035, BER=0.451750
2026-10-08 22:46:10 | src.models.dcsk_correlator     | INFO   | evaluate_classical: detector=energy_detector, n_bits=20000, n_errors=10161, BER=0.508050
2026-10-08 22:46:25 | src.models.dcsk_correlator     | INFO   | evaluate_classical: detector=dcsk, n_bits=20000, n_errors=10245, BER=0.512250
2026-10-08 22:46:25 | src.models.dcsk_correlator     | INFO   | evaluate_classical: detector=matched_filter, n_bits=20000, n_errors=9111, BER=0.455550
2026-10-08 22:46:25 | src.models.dcsk_correlator     | INFO   | evaluate_classical: detector=energy_detector, n_bits=20000, n_errors=10124, BER=0.506200
2026-10-08 22:46:39 | src.models.dcsk_correlator     | INFO   | evaluate_classical: detector=dcsk, n_bits=20000, n_errors=10223, BER=0.511150
2026-10-08 22:46:39 | src.models.dcsk_correlator     | INFO   | evaluate_classical: detector=matched_filter, n_bits=20000, n_errors=9037, BER=0.451850
2026-10-08 22:46:39 | src.models.dcsk_correlator     | INFO   | evaluate_classical: detector=energy_detector, n_bits=20000, n_errors=10086, BER=0.504300
2026-10-08 22:46:39 | __main__                       | INFO   | unified_benchmark k3_doppler_limited: 56 rows
